database: testcase
tables:
    - name: newstruct
      columns:
        - name: address
          type: string
          concept: ""
          constraint: []
          confidential: null
          mainMetric:
            count: 10
            unique: 10
            sample:
                - 25545 Cole Court Newtonfurt, KY 13882
                - 536 Robinson Estates Austinside, NV 69535
                - 2035 Simmons Islands Heatherchester, IN 46152
                - 25545 Cole Court Newtonfurt, KY 13882
                - 095 Jennifer Turnpike Castrobury, NY 98111
          stringMetric:
            mostFrequentLen:
                - length: 42
                  freq: 0.3
                - length: 41
                  freq: 0.2
                - length: 31
                  freq: 0.1
                - length: 37
                  freq: 0.1
                - length: 43
                  freq: 0.1
            leastFrequentLen:
                - length: 52
                  freq: 0.1
                - length: 45
                  freq: 0.1
                - length: 43
                  freq: 0.1
                - length: 37
                  freq: 0.1
                - length: 31
                  freq: 0.1
            leastFrequentSample:
                - PSC 4713, Box 9649 APO AA 43433
                - 2035 Simmons Islands Heatherchester, IN 46152
                - 275 Stone Ridges Suite 885 East Aliciafurt, MH 15407
                - 38432 Moreno Turnpike Garrettland, TN 72939
                - 25545 Cole Court Newtonfurt, KY 13882
        - name: age
          type: numeric
          concept: ""
          constraint: []
          confidential: null
          mainMetric:
            count: 10
            unique: 10
            sample:
                - 45
                - 29
                - 80
                - 61
                - 47
          numericMetric:
            min: 29
            max: 95
            mean: 57.7
        - name: date
          type: string
          concept: ""
          constraint: []
          confidential: null
          mainMetric:
            count: 10
            unique: 10
            sample:
                - "2003-10-11"
                - "2011-07-13"
                - "2005-05-10"
                - "2003-10-11"
                - "2005-05-10"
          stringMetric:
            mostFrequentLen:
                - length: 10
                  freq: 1
            leastFrequentLen:
                - length: 10
                  freq: 1
            leastFrequentSample:
                - "2013-06-11"
                - "2014-07-24"
                - "2003-10-11"
                - "2005-05-10"
                - "2022-04-23"
        - name: phone
          type: string
          concept: ""
          constraint: []
          confidential: null
          mainMetric:
            count: 10
            unique: 10
            sample:
                - 828-755-3826
                - 001-958-985-3039
                - 001-958-985-3039
                - 001-866-271-0116
                - (330)616-7639x7810
          stringMetric:
            mostFrequentLen:
                - length: 16
                  freq: 0.4
                - length: 12
                  freq: 0.2
                - length: 10
                  freq: 0.1
                - length: 13
                  freq: 0.1
                - length: 18
                  freq: 0.1
            leastFrequentLen:
                - length: 21
                  freq: 0.1
                - length: 18
                  freq: 0.1
                - length: 13
                  freq: 0.1
                - length: 10
                  freq: 0.1
                - length: 12
                  freq: 0.2
            leastFrequentSample:
                - (517)819-3454
                - +1-407-997-8293x68130
                - 828-755-3826
                - "7795418893"
                - (330)616-7639x7810
