database: data
tables:
    - name: input
      columns:
        - name: '#'
          type: numeric
          concept: ""
          constraint: []
          confidential: null
          mainMetric:
            count: 800
            unique: 800
            sample:
                - 508
                - 624
                - 94
                - 348
                - 295
          numericMetric:
            min: 1
            max: 721
            mean: 362.81375
        - name: Attack
          type: numeric
          concept: ""
          constraint: []
          confidential: null
          mainMetric:
            count: 800
            unique: 800
            sample:
                - 160
                - 50
                - 35
                - 75
                - 120
          numericMetric:
            min: 5
            max: 190
            mean: 79.00125
        - name: Defense
          type: numeric
          concept: ""
          constraint: []
          confidential: null
          mainMetric:
            count: 800
            unique: 800
            sample:
                - 62
                - 70
                - 150
                - 100
                - 180
          numericMetric:
            min: 5
            max: 230
            mean: 73.8425
        - name: Generation
          type: numeric
          concept: ""
          constraint: []
          confidential: null
          mainMetric:
            count: 800
            unique: 800
            sample:
                - 1
                - 3
                - 2
                - 1
                - 4
          numericMetric:
            min: 1
            max: 6
            mean: 3.32375
        - name: HP
          type: numeric
          concept: ""
          constraint: []
          confidential: null
          mainMetric:
            count: 800
            unique: 800
            sample:
                - 61
                - 72
                - 70
                - 90
                - 105
          numericMetric:
            min: 1
            max: 255
            mean: 69.25875
        - name: Legendary
          type: string
          concept: ""
          constraint: []
          confidential: null
          mainMetric:
            count: 800
            unique: 800
            sample:
                - "False"
                - "False"
                - "False"
                - "False"
                - "False"
          stringMetric:
            mostFrequentLen:
                - length: 5
                  freq: 0.91875
                  sample:
                    - "False"
                    - "False"
                    - "False"
                    - "False"
                    - "False"
            leastFrequentLen:
                - length: 4
                  freq: 0.08125
                  sample:
                    - "True"
                    - "True"
                    - "True"
                    - "True"
                    - "True"
        - name: Name
          type: string
          concept: ""
          constraint: []
          confidential: null
          mainMetric:
            count: 800
            unique: 800
            sample:
                - Petilil
                - Sentret
                - Zebstrika
                - Grotle
                - Fennekin
          stringMetric:
            mostFrequentLen:
                - length: 7
                  freq: 0.25375
                  sample:
                    - Swoobat
                    - Leafeon
                    - Furfrou
                    - Machamp
                    - Nuzleaf
                - length: 8
                  freq: 0.20125
                  sample:
                    - Remoraid
                    - Sawsbuck
                    - Shieldon
                    - Beheeyem
                    - Phantump
                - length: 6
                  freq: 0.1575
                  sample:
                    - Snover
                    - Klefki
                    - Wynaut
                    - Kakuna
                    - Baltoy
                - length: 9
                  freq: 0.14
                  sample:
                    - Pidgeotto
                    - Heracross
                    - Sandslash
                    - Tranquill
                    - Infernape
                - length: 10
                  freq: 0.06
                  sample:
                    - Electivire
                    - Kricketune
                    - Ferrothorn
                    - Karrablast
                    - Seismitoad
            leastFrequentLen:
                - length: 24
                  freq: 0.00125
                  sample:
                    - ThundurusIncarnate Forme
                - length: 22
                  freq: 0.00125
                  sample:
                    - ThundurusTherian Forme
                - length: 12
                  freq: 0.00125
                  sample:
                    - MeowsticMale
                - length: 11
                  freq: 0.00125
                  sample:
                    - Fletchinder
                - length: 3
                  freq: 0.0025
                  sample:
                    - Muk
                    - Mew
        - name: Sp. Atk
          type: numeric
          concept: ""
          constraint: []
          confidential: null
          mainMetric:
            count: 800
            unique: 800
            sample:
                - 30
                - 85
                - 45
                - 100
                - 80
          numericMetric:
            min: 10
            max: 194
            mean: 72.82
        - name: Sp. Def
          type: numeric
          concept: ""
          constraint: []
          confidential: null
          mainMetric:
            count: 800
            unique: 800
            sample:
                - 65
                - 77
                - 95
                - 45
                - 81
          numericMetric:
            min: 20
            max: 230
            mean: 71.9025
        - name: Speed
          type: numeric
          concept: ""
          constraint: []
          confidential: null
          mainMetric:
            count: 800
            unique: 800
            sample:
                - 110
                - 60
                - 80
                - 80
                - 40
          numericMetric:
            min: 5
            max: 180
            mean: 68.2775
        - name: Total
          type: numeric
          concept: ""
          constraint: []
          confidential: null
          mainMetric:
            count: 800
            unique: 800
            sample:
                - 348
                - 535
                - 405
                - 405
                - 540
          numericMetric:
            min: 180
            max: 780
            mean: 435.1025
        - name: Type 1
          type: string
          concept: ""
          constraint: []
          confidential: null
          mainMetric:
            count: 800
            unique: 800
            sample:
                - Water
                - Bug
                - Water
                - Electric
                - Water
          stringMetric:
            mostFrequentLen:
                - length: 5
                  freq: 0.3225
                  sample:
                    - Water
                    - Grass
                    - Steel
                    - Water
                    - Grass
                - length: 6
                  freq: 0.2425
                  sample:
                    - Normal
                    - Normal
                    - Normal
                    - Normal
                    - Ground
                - length: 4
                  freq: 0.15875
                  sample:
                    - Dark
                    - Rock
                    - Fire
                    - Dark
                    - Fire
            leastFrequentLen:
                - length: 7
                  freq: 0.07125
                  sample:
                    - Psychic
                    - Psychic
                    - Psychic
                    - Psychic
                    - Psychic
                - length: 8
                  freq: 0.08875
                  sample:
                    - Electric
                    - Fighting
                    - Electric
                    - Fighting
                    - Electric
                - length: 3
                  freq: 0.11625
                  sample:
                    - Bug
                    - Bug
                    - Ice
                    - Bug
                    - Ice
        - name: Type 2
          type: string
          concept: ""
          constraint: []
          confidential: null
          mainMetric:
            count: 800
            unique: 800
            sample:
                - ""
                - ""
                - Flying
                - Flying
                - ""
          stringMetric:
            mostFrequentLen:
                - length: 0
                  freq: 0.4825
                  sample:
                    - ""
                    - ""
                    - ""
                    - ""
                    - ""
                - length: 6
                  freq: 0.235
                  sample:
                    - Flying
                    - Poison
                    - Poison
                    - Flying
                    - Flying
                - length: 5
                  freq: 0.1225
                  sample:
                    - Fairy
                    - Fairy
                    - Fairy
                    - Grass
                    - Ghost
                - length: 4
                  freq: 0.0575
                  sample:
                    - Dark
                    - Rock
                    - Fire
                    - Rock
                    - Rock
            leastFrequentLen:
                - length: 3
                  freq: 0.02125
                  sample:
                    - Ice
                    - Ice
                    - Ice
                    - Ice
                    - Ice
                - length: 8
                  freq: 0.04
                  sample:
                    - Fighting
                    - Fighting
                    - Fighting
                    - Fighting
                    - Fighting
                - length: 7
                  freq: 0.04125
                  sample:
                    - Psychic
                    - Psychic
                    - Psychic
                    - Psychic
                    - Psychic
