database: data
tables:
  - name: input
    columns:
      - name: "#"
        type: numeric
        concept: ""
        constraint: []
        confidential: null
        mainMetric:
          count: 800
          empty: 0
          unique: 721
          sample:
            - 195
            - 462
            - 79
            - 7
            - 262
        numericMetric:
          min: 1
          max: 721
          mean: 362.81375
      - name: Attack
        type: numeric
        concept: ""
        constraint: []
        confidential: null
        mainMetric:
          count: 800
          empty: 0
          unique: 111
          sample:
            - 23
            - 24
            - 24
            - 95
            - 86
        numericMetric:
          min: 5
          max: 190
          mean: 79.00125
      - name: Defense
        type: numeric
        concept: ""
        constraint: []
        confidential: null
        mainMetric:
          count: 800
          empty: 0
          unique: 103
          sample:
            - 130
            - 94
            - 90
            - 107
            - 67
        numericMetric:
          min: 5
          max: 230
          mean: 73.8425
      - name: Generation
        type: numeric
        concept: ""
        constraint: []
        confidential: null
        mainMetric:
          count: 800
          empty: 0
          unique: 6
          sample:
            - 1
            - 1
            - 2
            - 6
            - 2
        numericMetric:
          min: 1
          max: 6
          mean: 3.32375
      - name: HP
        type: numeric
        concept: ""
        constraint: []
        confidential: null
        mainMetric:
          count: 800
          empty: 0
          unique: 94
          sample:
            - 55
            - 20
            - 20
            - 20
            - 85
        numericMetric:
          min: 1
          max: 255
          mean: 69.25875
      - name: Legendary
        type: string
        concept: ""
        constraint: []
        confidential: null
        mainMetric:
          count: 800
          empty: 0
          unique: 2
          sample:
            - "False"
            - "True"
        stringMetric:
          minLen: 3
          maxLen: 5
          mostFrequentLen:
            - length: 5
              freq: 0.91875
              sample:
                - "False"
          leastFrequentLen:
            - length: 4
              freq: 0.08125
              sample:
                - "True"
      - name: Name
        type: string
        concept: ""
        constraint: []
        confidential: null
        mainMetric:
          count: 800
          empty: 0
          unique: 800
          sample:
            - Kadabra
            - Igglybuff
            - Vanillish
            - Lapras
            - Darumaka
        stringMetric:
          minLen: 3
          maxLen: 5
          mostFrequentLen:
            - length: 7
              freq: 0.25375
              sample:
                - Wailmer
                - Rhyhorn
                - Altaria
                - Sableye
                - Darkrai
            - length: 8
              freq: 0.20125
              sample:
                - Simisage
                - Gigalith
                - Froslass
                - Sunflora
                - Ducklett
            - length: 6
              freq: 0.1575
              sample:
                - Seadra
                - Pidgey
                - Feebas
                - Kirlia
                - Celebi
            - length: 9
              freq: 0.14
              sample:
                - Chikorita
                - Wobbuffet
                - Volcanion
                - Poliwhirl
                - Heliolisk
            - length: 10
              freq: 0.06
              sample:
                - Barbaracle
                - Misdreavus
                - Gothitelle
                - Hitmonchan
                - Kricketune
          leastFrequentLen:
            - length: 24
              freq: 0.00125
              sample:
                - ThundurusIncarnate Forme
            - length: 22
              freq: 0.00125
              sample:
                - ThundurusTherian Forme
            - length: 12
              freq: 0.00125
              sample:
                - MeowsticMale
            - length: 11
              freq: 0.00125
              sample:
                - Fletchinder
            - length: 3
              freq: 0.0025
              sample:
                - Muk
                - Mew
      - name: Sp. Atk
        type: numeric
        concept: ""
        constraint: []
        confidential: null
        mainMetric:
          count: 800
          empty: 0
          unique: 105
          sample:
            - 77
            - 67
            - 87
            - 103
            - 110
        numericMetric:
          min: 10
          max: 194
          mean: 72.82
      - name: Sp. Def
        type: numeric
        concept: ""
        constraint: []
        confidential: null
        mainMetric:
          count: 800
          empty: 0
          unique: 92
          sample:
            - 89
            - 128
            - 38
            - 86
            - 60
        numericMetric:
          min: 20
          max: 230
          mean: 71.9025
      - name: Speed
        type: numeric
        concept: ""
        constraint: []
        confidential: null
        mainMetric:
          count: 800
          empty: 0
          unique: 108
          sample:
            - 91
            - 135
            - 20
            - 74
            - 125
        numericMetric:
          min: 5
          max: 180
          mean: 68.2775
      - name: Total
        type: numeric
        concept: ""
        constraint: []
        confidential: null
        mainMetric:
          count: 800
          empty: 0
          unique: 200
          sample:
            - 328
            - 180
            - 355
            - 488
            - 292
        numericMetric:
          min: 180
          max: 780
          mean: 435.1025
      - name: Type 1
        type: string
        concept: ""
        constraint: []
        confidential: null
        mainMetric:
          count: 800
          empty: 0
          unique: 18
          sample:
            - Rock
            - Fairy
            - Flying
            - Flying
            - Dark
        stringMetric:
          minLen: 3
          maxLen: 5
          mostFrequentLen:
            - length: 5
              freq: 0.3225
              sample:
                - Grass
                - Water
                - Fairy
                - Ghost
                - Steel
            - length: 6
              freq: 0.2425
              sample:
                - Flying
                - Normal
                - Poison
                - Ground
                - Dragon
            - length: 4
              freq: 0.15875
              sample:
                - Fire
                - Rock
                - Dark
          leastFrequentLen:
            - length: 7
              freq: 0.07125
              sample:
                - Psychic
            - length: 8
              freq: 0.08875
              sample:
                - Electric
                - Fighting
            - length: 3
              freq: 0.11625
              sample:
                - Bug
                - Ice
      - name: Type 2
        type: string
        concept: ""
        constraint: []
        confidential: null
        mainMetric:
          count: 800
          empty: 0
          unique: 19
          sample:
            - Fairy
            - Electric
            - Fire
            - Grass
            - Psychic
        stringMetric:
          minLen: 3
          maxLen: 5
          mostFrequentLen:
            - length: 0
              freq: 0.4825
              sample: []
            - length: 6
              freq: 0.235
              sample:
                - Flying
                - Dragon
                - Ground
                - Normal
                - Poison
            - length: 5
              freq: 0.1225
              sample:
                - Steel
                - Water
                - Ghost
                - Fairy
                - Grass
            - length: 4
              freq: 0.0575
              sample:
                - Rock
                - Dark
                - Fire
          leastFrequentLen:
            - length: 3
              freq: 0.02125
              sample:
                - Ice
                - Bug
            - length: 8
              freq: 0.04
              sample:
                - Fighting
                - Electric
            - length: 7
              freq: 0.04125
              sample:
                - Psychic
